// Jest Snapshot v1, https://goo.gl/fbAQLP

exports[`Rocket component renders correctly 1`] = `
<div>
  <div
    class="rocket"
  >
    <img
      alt="Falcon 9"
      class="rocket-img"
      src="image-url"
    />
    <div
      class="rocket-detail"
    >
      <h2>
        Falcon 9
      </h2>
      <p>
        <span
          class="badge"
          style="padding: 0px;"
        />
        Sample rocket description
      </p>
      <button
        class="btn-reservation"
        style="background: rgb(0, 123, 255);"
        type="button"
      >
        Reserve Rocket
      </button>
    </div>
  </div>
</div>
`;
